2026-08-31 06:27:51 | INFO | Site crawler starting
2026-08-31 06:27:51 | INFO | Starting crawl: https://www.bedbathntable.com.sg
2026-08-31 06:27:51 | INFO | Max pages: 9000, Delay: 350ms, Timeout: 15000ms
2026-08-31 06:27:51 | INFO | Max retries per URL: 1
2026-08-31 06:27:51 | INFO | Robots.txt disallow rules found: 38
2026-08-31 06:27:52 | INFO | ✓ 1/9000 | Queue: 204 | ✅ https://www.bedbathntable.com.sg/...
2026-08-31 06:27:53 | INFO | ✓ 2/9000 | Queue: 206 | ✅ https://www.bedbathntable.com.sg/gift-cards...
2026-08-31 06:27:53 | INFO | Skipped by robots.txt: https://www.bedbathntable.com.sg/sales/guest/form...
2026-08-31 06:27:54 | INFO | ✓ 3/9000 | Queue: 215 | ✅ https://www.bedbathntable.com.sg/locator...
2026-08-31 06:27:54 | INFO | Skipped by robots.txt: https://www.bedbathntable.com.sg/customer/account/login/referer/aHR0cH...
2026-08-31 06:27:54 | INFO | Skipped by robots.txt: https://www.bedbathntable.com.sg/customer/account/create...
2026-08-31 06:27:54 | INFO | Skipped by robots.txt: https://www.bedbathntable.com.sg/checkout/cart...
2026-08-31 06:27:57 | INFO | ✓ 4/9000 | Queue: 214 | ✅ https://www.bedbathntable.com.sg/bed...
2026-08-31 06:27:58 | INFO | ✓ 5/9000 | Queue: 214 | ✅ https://www.bedbathntable.com.sg/bed/bed-linen...
2026-08-31 06:27:59 | INFO | ✓ 6/9000 | Queue: 214 | ✅ https://www.bedbathntable.com.sg/bed/bed-linen/qui...
2026-08-31 06:28:00 | INFO | ✓ 7/9000 | Queue: 221 | ✅ https://www.bedbathntable.com.sg/bed/bed-linen/bed...
2026-08-31 06:28:01 | INFO | ✓ 8/9000 | Queue: 225 | ✅ https://www.bedbathntable.com.sg/bed/bed-linen/cov...
2026-08-31 06:28:02 | INFO | ✓ 9/9000 | Queue: 235 | ✅ https://www.bedbathntable.com.sg/bed/bed-linen/bla...
2026-08-31 06:28:03 | INFO | ✓ 10/9000 | Queue: 236 | ✅ https://www.bedbathntable.com.sg/bed/bed-linen/pil...
2026-08-31 06:28:05 | INFO | ✓ 11/9000 | Queue: 237 | ✅ https://www.bedbathntable.com.sg/bed/bed-linen/sil...
2026-08-31 06:28:06 | INFO | ✓ 12/9000 | Queue: 238 | ✅ https://www.bedbathntable.com.sg/bed/collections/f...
2026-08-31 06:28:08 | INFO | ✓ 13/9000 | Queue: 240 | ✅ https://www.bedbathntable.com.sg/bed/collections/l...
2026-08-31 06:28:09 | INFO | ✓ 14/9000 | Queue: 240 | ✅ https://www.bedbathntable.com.sg/bed/collections/w...
2026-08-31 06:28:11 | INFO | ✓ 15/9000 | Queue: 241 | ✅ https://www.bedbathntable.com.sg/brands/studio-col...
2026-08-31 06:28:12 | INFO | ✓ 16/9000 | Queue: 241 | ✅ https://www.bedbathntable.com.sg/bed/collections/b...
2026-08-31 06:28:13 | INFO | ✓ 17/9000 | Queue: 241 | ✅ https://www.bedbathntable.com.sg/bed/collections/j...
2026-08-31 06:28:14 | INFO | ✓ 18/9000 | Queue: 243 | ✅ https://www.bedbathntable.com.sg/bed/collections/e...
2026-08-31 06:28:16 | INFO | ✓ 19/9000 | Queue: 243 | ✅ https://www.bedbathntable.com.sg/bed/collections/p...
2026-08-31 06:28:18 | INFO | ✓ 20/9000 | Queue: 243 | ✅ https://www.bedbathntable.com.sg/bed/collections/q...
2026-08-31 06:28:20 | INFO | ✓ 21/9000 | Queue: 243 | ✅ https://www.bedbathntable.com.sg/bed/bedding-basic...
2026-08-31 06:28:21 | INFO | ✓ 22/9000 | Queue: 243 | ✅ https://www.bedbathntable.com.sg/bed/bedding-basic...
2026-08-31 06:28:22 | INFO | ✓ 23/9000 | Queue: 243 | ✅ https://www.bedbathntable.com.sg/bed/bedding-basic...
2026-08-31 06:28:23 | INFO | ✓ 24/9000 | Queue: 243 | ✅ https://www.bedbathntable.com.sg/bed/bedding-basic...
2026-08-31 06:28:25 | INFO | ✓ 25/9000 | Queue: 243 | ✅ https://www.bedbathntable.com.sg/bed/bedding-basic...
2026-08-31 06:28:26 | INFO | ✓ 26/9000 | Queue: 248 | ✅ https://www.bedbathntable.com.sg/bed/bedding-basic...
2026-08-31 06:28:27 | INFO | ✓ 27/9000 | Queue: 248 | ✅ https://www.bedbathntable.com.sg/bed/bedding-basic...
2026-08-31 06:28:29 | INFO | ✓ 28/9000 | Queue: 248 | ✅ https://www.bedbathntable.com.sg/bed/bed-linen/qui...
2026-08-31 06:28:32 | INFO | ✓ 29/9000 | Queue: 248 | ✅ https://www.bedbathntable.com.sg/bed/bed-linen/qui...
2026-08-31 06:28:32 | INFO | ✓ 30/9000 | Queue: 248 | ✅ https://www.bedbathntable.com.sg/bed/bed-linen/qui...
2026-08-31 06:28:33 | INFO | ✓ 31/9000 | Queue: 248 | ✅ https://www.bedbathntable.com.sg/bed/bed-linen/qui...
2026-08-31 06:28:35 | INFO | ✓ 32/9000 | Queue: 248 | ✅ https://www.bedbathntable.com.sg/bed/bed-linen/qui...
2026-08-31 06:28:36 | INFO | ✓ 33/9000 | Queue: 254 | ✅ https://www.bedbathntable.com.sg/home-decor/home-d...
2026-08-31 06:28:37 | INFO | ✓ 34/9000 | Queue: 254 | ✅ https://www.bedbathntable.com.sg/bed/bed-decor/cus...
2026-08-31 06:28:38 | INFO | ✓ 35/9000 | Queue: 254 | ✅ https://www.bedbathntable.com.sg/apparel/accessori...
2026-08-31 06:28:42 | INFO | ✓ 36/9000 | Queue: 254 | ✅ https://www.bedbathntable.com.sg/sale/bed-sale...
2026-08-31 06:28:44 | INFO | ✓ 37/9000 | Queue: 361 | ✅ https://www.bedbathntable.com.sg/blog/buying-and-c...
2026-08-31 06:28:47 | INFO | ✓ 38/9000 | Queue: 386 | ✅ https://www.bedbathntable.com.sg/blog/the-sheet-ch...
2026-08-31 06:28:48 | INFO | ✓ 39/9000 | Queue: 395 | ✅ https://www.bedbathntable.com.sg/blog/how-to-choos...
2026-08-31 06:28:50 | INFO | ✓ 40/9000 | Queue: 408 | ✅ https://www.bedbathntable.com.sg/blog/choosing-you...
2026-08-31 06:28:51 | INFO | ✓ 41/9000 | Queue: 415 | ✅ https://www.bedbathntable.com.sg/bed-size-guide...
2026-08-31 06:28:53 | INFO | ✓ 42/9000 | Queue: 415 | ✅ https://www.bedbathntable.com.sg/pillow-size-guide...
2026-08-31 06:28:54 | INFO | ✓ 43/9000 | Queue: 433 | ✅ https://www.bedbathntable.com.sg/blog...
2026-08-31 06:28:56 | INFO | ✓ 44/9000 | Queue: 433 | ✅ https://www.bedbathntable.com.sg/bath...
2026-08-31 06:28:58 | INFO | ✓ 45/9000 | Queue: 434 | ✅ https://www.bedbathntable.com.sg/bath/towel...
2026-08-31 06:29:00 | INFO | ✓ 46/9000 | Queue: 434 | ✅ https://www.bedbathntable.com.sg/bath/towel/bath-t...
2026-08-31 06:29:01 | INFO | ✓ 47/9000 | Queue: 434 | ✅ https://www.bedbathntable.com.sg/bath/towel/bath-m...
2026-08-31 06:29:02 | INFO | ✓ 48/9000 | Queue: 434 | ✅ https://www.bedbathntable.com.sg/bath/towels/beach...
2026-08-31 06:29:03 | INFO | ✓ 49/9000 | Queue: 434 | ✅ https://www.bedbathntable.com.sg/bath/laundry...
2026-08-31 06:29:05 | INFO | ✓ 50/9000 | Queue: 434 | ✅ https://www.bedbathntable.com.sg/bath/laundry/laun...
2026-08-31 06:29:05 | INFO | ✓ 51/9000 | Queue: 434 | ✅ https://www.bedbathntable.com.sg/bath/laundry/scen...
2026-08-31 06:29:07 | INFO | ✓ 52/9000 | Queue: 434 | ✅ https://www.bedbathntable.com.sg/bath/laundry/coat...
2026-08-31 06:29:09 | INFO | ✓ 53/9000 | Queue: 434 | ✅ https://www.bedbathntable.com.sg/bath/laundry/soap...
2026-08-31 06:29:10 | INFO | ✓ 54/9000 | Queue: 434 | ✅ https://www.bedbathntable.com.sg/bath/bathroom-acc...
2026-08-31 06:29:11 | INFO | ✓ 55/9000 | Queue: 434 | ✅ https://www.bedbathntable.com.sg/bath/bathroom-acc...
2026-08-31 06:29:13 | INFO | ✓ 56/9000 | Queue: 434 | ✅ https://www.bedbathntable.com.sg/bath/bathroom-acc...
2026-08-31 06:29:14 | INFO | ✓ 57/9000 | Queue: 434 | ✅ https://www.bedbathntable.com.sg/bath/bathroom-acc...
2026-08-31 06:29:15 | INFO | ✓ 58/9000 | Queue: 434 | ✅ https://www.bedbathntable.com.sg/bath/bathroom-acc...
2026-08-31 06:29:17 | INFO | ✓ 59/9000 | Queue: 434 | ✅ https://www.bedbathntable.com.sg/bath/bathroom-acc...
2026-08-31 06:29:19 | INFO | ✓ 60/9000 | Queue: 434 | ✅ https://www.bedbathntable.com.sg/bath/bathroom-acc...
2026-08-31 06:29:20 | INFO | ✓ 61/9000 | Queue: 434 | ✅ https://www.bedbathntable.com.sg/bath/bathroom-acc...
2026-08-31 06:29:22 | INFO | ✓ 62/9000 | Queue: 434 | ✅ https://www.bedbathntable.com.sg/bath/bathroom-acc...
2026-08-31 06:29:24 | INFO | ✓ 63/9000 | Queue: 434 | ✅ https://www.bedbathntable.com.sg/bath/bathroom-acc...
2026-08-31 06:29:27 | INFO | ✓ 64/9000 | Queue: 434 | ✅ https://www.bedbathntable.com.sg/sale/bath-sale...
2026-08-31 06:29:28 | INFO | ✓ 65/9000 | Queue: 445 | ✅ https://www.bedbathntable.com.sg/bath-size-guide...
2026-08-31 06:29:29 | INFO | ✓ 66/9000 | Queue: 460 | ✅ https://www.bedbathntable.com.sg/blog/how-to-choos...
2026-08-31 06:29:32 | INFO | ✓ 67/9000 | Queue: 476 | ✅ https://www.bedbathntable.com.sg/blog/the-benefits...
2026-08-31 06:29:33 | INFO | ✓ 68/9000 | Queue: 493 | ✅ https://www.bedbathntable.com.sg/blog/the-benefits...
2026-08-31 06:29:35 | INFO | ✓ 69/9000 | Queue: 492 | ⚠️ https://www.bedbathntable.com.sg/bath/towels...
2026-08-31 06:29:35 | INFO | ✓ 70/9000 | Queue: 492 | ✅ https://www.bedbathntable.com.sg/table...
2026-08-31 06:29:36 | INFO | ✓ 71/9000 | Queue: 492 | ✅ https://www.bedbathntable.com.sg/table/tabletop...
2026-08-31 06:29:37 | INFO | ✓ 72/9000 | Queue: 492 | ✅ https://www.bedbathntable.com.sg/table/tabletop/di...
2026-08-31 06:29:38 | INFO | ✓ 73/9000 | Queue: 492 | ✅ https://www.bedbathntable.com.sg/table/tabletop/pl...
2026-08-31 06:29:39 | INFO | ✓ 74/9000 | Queue: 492 | ✅ https://www.bedbathntable.com.sg/table/tabletop/se...
2026-08-31 06:29:40 | INFO | ✓ 75/9000 | Queue: 492 | ✅ https://www.bedbathntable.com.sg/table/tabletop/ki...
2026-08-31 06:29:41 | INFO | ✓ 76/9000 | Queue: 492 | ✅ https://www.bedbathntable.com.sg/table/tabletop/ch...
2026-08-31 06:29:42 | INFO | ✓ 77/9000 | Queue: 492 | ✅ https://www.bedbathntable.com.sg/table/tabletop/te...
2026-08-31 06:29:43 | INFO | ✓ 78/9000 | Queue: 492 | ✅ https://www.bedbathntable.com.sg/table/tabletop/gl...
2026-08-31 06:29:44 | INFO | ✓ 79/9000 | Queue: 492 | ✅ https://www.bedbathntable.com.sg/table/tabletop/ju...
2026-08-31 06:29:45 | INFO | ✓ 80/9000 | Queue: 492 | ✅ https://www.bedbathntable.com.sg/outdoor/outdoor-d...
2026-08-31 06:29:47 | INFO | ✓ 81/9000 | Queue: 493 | ✅ https://www.bedbathntable.com.sg/outdoor/outdoor-d...
2026-08-31 06:29:48 | INFO | ✓ 82/9000 | Queue: 493 | ✅ https://www.bedbathntable.com.sg/table/napery...
2026-08-31 06:29:49 | INFO | ✓ 83/9000 | Queue: 493 | ✅ https://www.bedbathntable.com.sg/table/napery/nape...
2026-08-31 06:29:50 | INFO | ✓ 84/9000 | Queue: 493 | ✅ https://www.bedbathntable.com.sg/table/napery/tabl...
2026-08-31 06:29:52 | INFO | ✓ 85/9000 | Queue: 493 | ✅ https://www.bedbathntable.com.sg/table/napery/plac...
2026-08-31 06:29:53 | INFO | ✓ 86/9000 | Queue: 493 | ✅ https://www.bedbathntable.com.sg/table/napery/tea-...
2026-08-31 06:29:54 | INFO | ✓ 87/9000 | Queue: 493 | ✅ https://www.bedbathntable.com.sg/table/napery/napk...
2026-08-31 06:29:54 | INFO | ✓ 88/9000 | Queue: 493 | ✅ https://www.bedbathntable.com.sg/table/napery/coas...
2026-08-31 06:29:56 | INFO | ✓ 89/9000 | Queue: 493 | ✅ https://www.bedbathntable.com.sg/table/napery/apro...
2026-08-31 06:29:58 | INFO | ✓ 90/9000 | Queue: 493 | ✅ https://www.bedbathntable.com.sg/sale/table-sale...
2026-08-31 06:29:59 | INFO | ✓ 91/9000 | Queue: 495 | ✅ https://www.bedbathntable.com.sg/home-decor...
2026-08-31 06:30:02 | INFO | ✓ 92/9000 | Queue: 495 | ✅ https://www.bedbathntable.com.sg/home-decor/home-d...
2026-08-31 06:30:03 | INFO | ✓ 93/9000 | Queue: 495 | ✅ https://www.bedbathntable.com.sg/home-decor/home-d...
2026-08-31 06:30:04 | INFO | ✓ 94/9000 | Queue: 495 | ✅ https://www.bedbathntable.com.sg/home-decor/home-d...
2026-08-31 06:30:04 | INFO | ✓ 95/9000 | Queue: 495 | ✅ https://www.bedbathntable.com.sg/home-decor/home-d...
2026-08-31 06:30:06 | INFO | ✓ 96/9000 | Queue: 495 | ✅ https://www.bedbathntable.com.sg/home-decor/home-d...
2026-08-31 06:30:07 | INFO | ✓ 97/9000 | Queue: 495 | ✅ https://www.bedbathntable.com.sg/home-decor/home-d...
2026-08-31 06:30:09 | INFO | ✓ 98/9000 | Queue: 495 | ✅ https://www.bedbathntable.com.sg/home-decor/home-d...
2026-08-31 06:30:12 | INFO | ✓ 99/9000 | Queue: 495 | ✅ https://www.bedbathntable.com.sg/home-decor/home-d...
2026-08-31 06:30:12 | INFO | ✓ 100/9000 | Queue: 495 | ✅ https://www.bedbathntable.com.sg/home-decor/home-d...
2026-08-31 06:30:12 | INFO | Checkpoint saved: 100 visited, 495 queued
2026-08-31 06:30:13 | INFO | ✓ 101/9000 | Queue: 495 | ✅ https://www.bedbathntable.com.sg/home-decor/home-d...
2026-08-31 06:30:14 | INFO | ✓ 102/9000 | Queue: 495 | ✅ https://www.bedbathntable.com.sg/home-decor/home-d...
2026-08-31 06:30:16 | INFO | ✓ 103/9000 | Queue: 495 | ✅ https://www.bedbathntable.com.sg/home-decor/home-d...
2026-08-31 06:30:17 | INFO | ✓ 104/9000 | Queue: 496 | ✅ https://www.bedbathntable.com.sg/outdoor/outdoor-h...
2026-08-31 06:30:19 | INFO | ✓ 105/9000 | Queue: 496 | ✅ https://www.bedbathntable.com.sg/home-decor/wall-d...
2026-08-31 06:30:19 | INFO | ✓ 106/9000 | Queue: 496 | ✅ https://www.bedbathntable.com.sg/home-decor/wall-d...
2026-08-31 06:30:21 | INFO | ✓ 107/9000 | Queue: 496 | ✅ https://www.bedbathntable.com.sg/home-decor/wall-d...
2026-08-31 06:30:22 | INFO | ✓ 108/9000 | Queue: 496 | ✅ https://www.bedbathntable.com.sg/home-decor/wall-d...
2026-08-31 06:30:24 | INFO | ✓ 109/9000 | Queue: 496 | ✅ https://www.bedbathntable.com.sg/home-decor/candle...
2026-08-31 06:30:25 | INFO | ✓ 110/9000 | Queue: 496 | ✅ https://www.bedbathntable.com.sg/home-decor/candle...
2026-08-31 06:30:26 | INFO | ✓ 111/9000 | Queue: 497 | ✅ https://www.bedbathntable.com.sg/home-decor/candle...
2026-08-31 06:30:27 | INFO | ✓ 112/9000 | Queue: 497 | ✅ https://www.bedbathntable.com.sg/home-decor/candle...
2026-08-31 06:30:28 | INFO | ✓ 113/9000 | Queue: 498 | ✅ https://www.bedbathntable.com.sg/home-decor/collec...
2026-08-31 06:30:29 | INFO | ✓ 114/9000 | Queue: 500 | ✅ https://www.bedbathntable.com.sg/products/collecti...
2026-08-31 06:30:30 | INFO | ✓ 115/9000 | Queue: 501 | ✅ https://www.bedbathntable.com.sg/home-decor/pet-ac...
2026-08-31 06:30:32 | INFO | ✓ 116/9000 | Queue: 501 | ✅ https://www.bedbathntable.com.sg/products/homeware...
2026-08-31 06:30:36 | INFO | ✓ 117/9000 | Queue: 501 | ✅ https://www.bedbathntable.com.sg/sale/home-decor-s...
2026-08-31 06:30:37 | INFO | ✓ 118/9000 | Queue: 501 | ✅ https://www.bedbathntable.com.sg/blog/how-to-style...
2026-08-31 06:30:39 | INFO | ✓ 119/9000 | Queue: 507 | ✅ https://www.bedbathntable.com.sg/blog/discover-lum...
2026-08-31 06:30:39 | INFO | ✓ 120/9000 | Queue: 507 | ✅ https://www.bedbathntable.com.sg/apparel...
2026-08-31 06:30:41 | INFO | ✓ 121/9000 | Queue: 507 | ✅ https://www.bedbathntable.com.sg/apparel/apparel...
2026-08-31 06:30:42 | INFO | ✓ 122/9000 | Queue: 507 | ✅ https://www.bedbathntable.com.sg/apparel/apparel/p...
2026-08-31 06:30:43 | INFO | ✓ 123/9000 | Queue: 507 | ✅ https://www.bedbathntable.com.sg/apparel/apparel/h...
2026-08-31 06:30:44 | INFO | ✓ 124/9000 | Queue: 507 | ✅ https://www.bedbathntable.com.sg/apparel/apparel/r...
2026-08-31 06:30:46 | INFO | ✓ 125/9000 | Queue: 507 | ✅ https://www.bedbathntable.com.sg/apparel/apparel/s...
2026-08-31 06:30:48 | INFO | ✓ 126/9000 | Queue: 507 | ✅ https://www.bedbathntable.com.sg/apparel/accessori...
2026-08-31 06:30:48 | INFO | ✓ 127/9000 | Queue: 507 | ✅ https://www.bedbathntable.com.sg/apparel/apparel/e...
2026-08-31 06:30:50 | INFO | ✓ 128/9000 | Queue: 507 | ✅ https://www.bedbathntable.com.sg/apparel/accessori...
2026-08-31 06:30:52 | INFO | ✓ 129/9000 | Queue: 536 | ✅ https://www.bedbathntable.com.sg/blog/fall-in-love...
2026-08-31 06:30:53 | INFO | ✓ 130/9000 | Queue: 536 | ✅ https://www.bedbathntable.com.sg/blog/mulberry-sil...
2026-08-31 06:30:55 | INFO | ✓ 131/9000 | Queue: 538 | ✅ https://www.bedbathntable.com.sg/blog/the-must-hav...
2026-08-31 06:30:57 | INFO | ✓ 132/9000 | Queue: 538 | ✅ https://www.bedbathntable.com.sg/sale/apparel-sale...
2026-08-31 06:30:59 | INFO | ✓ 133/9000 | Queue: 538 | ✅ https://www.bedbathntable.com.sg/kids...
2026-08-31 06:31:00 | INFO | ✓ 134/9000 | Queue: 538 | ✅ https://www.bedbathntable.com.sg/kids/kids-bedding...
2026-08-31 06:31:02 | INFO | ✓ 135/9000 | Queue: 538 | ✅ https://www.bedbathntable.com.sg/kids/kids-bedding...
2026-08-31 06:31:04 | INFO | ✓ 136/9000 | Queue: 538 | ✅ https://www.bedbathntable.com.sg/kids/kids-bedding...
2026-08-31 06:31:05 | INFO | ✓ 137/9000 | Queue: 538 | ✅ https://www.bedbathntable.com.sg/kids/kids-bedding...
2026-08-31 06:31:07 | INFO | ✓ 138/9000 | Queue: 538 | ✅ https://www.bedbathntable.com.sg/kids/kids-bedding...
2026-08-31 06:31:08 | INFO | ✓ 139/9000 | Queue: 538 | ✅ https://www.bedbathntable.com.sg/kids/kids-bedding...
2026-08-31 06:31:09 | INFO | ✓ 140/9000 | Queue: 538 | ✅ https://www.bedbathntable.com.sg/kids/kids-bedding...
2026-08-31 06:31:10 | INFO | ✓ 141/9000 | Queue: 538 | ✅ https://www.bedbathntable.com.sg/kids/kids-sleepwe...
2026-08-31 06:31:12 | INFO | ✓ 142/9000 | Queue: 538 | ✅ https://www.bedbathntable.com.sg/kids/kids-towels...
2026-08-31 06:31:13 | INFO | ✓ 143/9000 | Queue: 538 | ✅ https://www.bedbathntable.com.sg/kids/kids-towels/...
2026-08-31 06:31:15 | INFO | ✓ 144/9000 | Queue: 538 | ✅ https://www.bedbathntable.com.sg/kids/kids-towels/...
2026-08-31 06:31:16 | INFO | ✓ 145/9000 | Queue: 538 | ✅ https://www.bedbathntable.com.sg/kids/kids-towels/...
2026-08-31 06:31:18 | INFO | ✓ 146/9000 | Queue: 538 | ✅ https://www.bedbathntable.com.sg/kids/nursery...
2026-08-31 06:31:19 | INFO | ✓ 147/9000 | Queue: 538 | ✅ https://www.bedbathntable.com.sg/kids/kids-bedding...
2026-08-31 06:31:21 | INFO | ✓ 148/9000 | Queue: 538 | ✅ https://www.bedbathntable.com.sg/kids/nursery/baby...
2026-08-31 06:31:23 | INFO | ✓ 149/9000 | Queue: 538 | ✅ https://www.bedbathntable.com.sg/kids/nursery/play...
2026-08-31 06:31:25 | INFO | ✓ 150/9000 | Queue: 538 | ✅ https://www.bedbathntable.com.sg/kids/nursery/baby...
2026-08-31 06:31:26 | INFO | ✓ 151/9000 | Queue: 538 | ✅ https://www.bedbathntable.com.sg/products/collecti...
2026-08-31 06:31:28 | INFO | ✓ 152/9000 | Queue: 538 | ✅ https://www.bedbathntable.com.sg/products/collecti...
2026-08-31 06:31:29 | INFO | ✓ 153/9000 | Queue: 538 | ✅ https://www.bedbathntable.com.sg/kids/toys-gifts...
2026-08-31 06:31:31 | INFO | ✓ 154/9000 | Queue: 538 | ✅ https://www.bedbathntable.com.sg/kids/toys-gifts/r...
2026-08-31 06:31:33 | INFO | ✓ 155/9000 | Queue: 538 | ✅ https://www.bedbathntable.com.sg/kids/toys-gifts/s...
2026-08-31 06:31:35 | INFO | ✓ 156/9000 | Queue: 538 | ✅ https://www.bedbathntable.com.sg/sale/kids-sale...
2026-08-31 06:31:40 | INFO | ✓ 157/9000 | Queue: 538 | ✅ https://www.bedbathntable.com.sg/new...
